[CENTRAL] Inicializando...
Erro ao abrir porta serial /dev/serial0: [Errno 2] could not open port /dev/serial0: [Errno 2] No such file or directory: '/dev/serial0'
[CENTRAL] Escutando 0.0.0.0:5000[EMERGENCY] error:
 [CENTRAL] Sistema iniciado
'NoneType' object has no attribute 'reset_input_buffer'




======================================================================
CENTRAL DE MONITORAMENTO
======================================================================

Cruzamento 1
----------------------------------------------------------------------
  Status: OFFLINE
  Heartbeat: nunca
  Nenhum dado de sensor disponível
  Infrações: 0
  Multas Registradas: 0

Cruzamento 2
----------------------------------------------------------------------
  Status: OFFLINE
  Heartbeat: nunca
  Nenhum dado de sensor disponível
  Infrações: 0
  Multas Registradas: 0

======================================================================
  Modo Noturno: NÃO
======================================================================
[EMERGENCY] error: 'NoneType' object has no attribute 'reset_input_buffer'
[EMERGENCY] error: 'NoneType' object has no attribute 'reset_input_buffer'
[EMERGENCY] error: 'NoneType' object has no attribute 'reset_input_buffer'
[EMERGENCY] error: 'NoneType' object has no attribute 'reset_input_buffer'
[EMERGENCY] error: 'NoneType' object has no attribute 'reset_input_buffer'
[EMERGENCY] error: 'NoneType' object has no attribute 'reset_input_buffer'




======================================================================
CENTRAL DE MONITORAMENTO
======================================================================

Cruzamento 1
----------------------------------------------------------------------
  Status: OFFLINE
  Heartbeat: nunca
  Nenhum dado de sensor disponível
  Infrações: 0
  Multas Registradas: 0

Cruzamento 2
----------------------------------------------------------------------
  Status: OFFLINE
  Heartbeat: nunca
  Nenhum dado de sensor disponível
  Infrações: 0
  Multas Registradas: 0

======================================================================
  Modo Noturno: NÃO
======================================================================
[EMERGENCY] error: 'NoneType' object has no attribute 'reset_input_buffer'
[EMERGENCY] error: 'NoneType' object has no attribute 'reset_input_buffer'
[EMERGENCY] error: 'NoneType' object has no attribute 'reset_input_buffer'
[EMERGENCY] error: 'NoneType' object has no attribute 'reset_input_buffer'
[EMERGENCY] error: 'NoneType' object has no attribute 'reset_input_buffer'
[EMERGENCY] error: 'NoneType' object has no attribute 'reset_input_buffer'
[EMERGENCY] error: 'NoneType' object has no attribute 'reset_input_buffer'




======================================================================
CENTRAL DE MONITORAMENTO
======================================================================

Cruzamento 1
----------------------------------------------------------------------
  Status: OFFLINE
  Heartbeat: nunca
  Nenhum dado de sensor disponível
  Infrações: 0
  Multas Registradas: 0

Cruzamento 2
----------------------------------------------------------------------
  Status: OFFLINE
  Heartbeat: nunca
  Nenhum dado de sensor disponível
  Infrações: 0
  Multas Registradas: 0

======================================================================
  Modo Noturno: NÃO
======================================================================
[EMERGENCY] error: 'NoneType' object has no attribute 'reset_input_buffer'
[EMERGENCY] error: 'NoneType' object has no attribute 'reset_input_buffer'
[EMERGENCY] error: 'NoneType' object has no attribute 'reset_input_buffer'
[EMERGENCY] error: 'NoneType' object has no attribute 'reset_input_buffer'
[EMERGENCY] error: 'NoneType' object has no attribute 'reset_input_buffer'
[EMERGENCY] error: 'NoneType' object has no attribute 'reset_input_buffer'




======================================================================
CENTRAL DE MONITORAMENTO
======================================================================

Cruzamento 1
----------------------------------------------------------------------
  Status: OFFLINE
  Heartbeat: nunca
  Nenhum dado de sensor disponível
  Infrações: 0
  Multas Registradas: 0

Cruzamento 2
----------------------------------------------------------------------
  Status: OFFLINE
  Heartbeat: nunca
  Nenhum dado de sensor disponível
  Infrações: 0
  Multas Registradas: 0

======================================================================
  Modo Noturno: NÃO
======================================================================
[EMERGENCY] error: 'NoneType' object has no attribute 'reset_input_buffer'
[EMERGENCY] error: 'NoneType' object has no attribute 'reset_input_buffer'
[EMERGENCY] error: 'NoneType' object has no attribute 'reset_input_buffer'
[EMERGENCY] error: 'NoneType' object has no attribute 'reset_input_buffer'
[EMERGENCY] error: 'NoneType' object has no attribute 'reset_input_buffer'
[EMERGENCY] error: 'NoneType' object has no attribute 'reset_input_buffer'
[EMERGENCY] error: 'NoneType' object has no attribute 'reset_input_buffer'




======================================================================
CENTRAL DE MONITORAMENTO
======================================================================

Cruzamento 1
----------------------------------------------------------------------
  Status: OFFLINE
  Heartbeat: nunca
  Nenhum dado de sensor disponível
  Infrações: 0
  Multas Registradas: 0

Cruzamento 2
----------------------------------------------------------------------
  Status: OFFLINE
  Heartbeat: nunca
  Nenhum dado de sensor disponível
  Infrações: 0
  Multas Registradas: 0

======================================================================
  Modo Noturno: NÃO
======================================================================
[EMERGENCY] error: 'NoneType' object has no attribute 'reset_input_buffer'
[EMERGENCY] error: 'NoneType' object has no attribute 'reset_input_buffer'
[EMERGENCY] error: 'NoneType' object has no attribute 'reset_input_buffer'
[EMERGENCY] error: 'NoneType' object has no attribute 'reset_input_buffer'
[EMERGENCY] error: 'NoneType' object has no attribute 'reset_input_buffer'
[EMERGENCY] error: 'NoneType' object has no attribute 'reset_input_buffer'
[EMERGENCY] error: 'NoneType' object has no attribute 'reset_input_buffer'




======================================================================
CENTRAL DE MONITORAMENTO
======================================================================

Cruzamento 1
----------------------------------------------------------------------
  Status: OFFLINE
  Heartbeat: nunca
  Nenhum dado de sensor disponível
  Infrações: 0
  Multas Registradas: 0

Cruzamento 2
----------------------------------------------------------------------
  Status: OFFLINE
  Heartbeat: nunca
  Nenhum dado de sensor disponível
  Infrações: 0
  Multas Registradas: 0

======================================================================
  Modo Noturno: NÃO
======================================================================
[EMERGENCY] error: 'NoneType' object has no attribute 'reset_input_buffer'
[EMERGENCY] error: 'NoneType' object has no attribute 'reset_input_buffer'
[EMERGENCY] error: 'NoneType' object has no attribute 'reset_input_buffer'
[EMERGENCY] error: 'NoneType' object has no attribute 'reset_input_buffer'
[EMERGENCY] error: 'NoneType' object has no attribute 'reset_input_buffer'
[EMERGENCY] error: 'NoneType' object has no attribute 'reset_input_buffer'




======================================================================
CENTRAL DE MONITORAMENTO
======================================================================

Cruzamento 1
----------------------------------------------------------------------
  Status: OFFLINE
  Heartbeat: nunca
  Nenhum dado de sensor disponível
  Infrações: 0
  Multas Registradas: 0

Cruzamento 2
----------------------------------------------------------------------
  Status: OFFLINE
  Heartbeat: nunca
  Nenhum dado de sensor disponível
  Infrações: 0
  Multas Registradas: 0

======================================================================
  Modo Noturno: NÃO
======================================================================
[EMERGENCY] error: 'NoneType' object has no attribute 'reset_input_buffer'
[EMERGENCY] error: 'NoneType' object has no attribute 'reset_input_buffer'
[EMERGENCY] error: 'NoneType' object has no attribute 'reset_input_buffer'
[EMERGENCY] error: 'NoneType' object has no attribute 'reset_input_buffer'
[EMERGENCY] error: 'NoneType' object has no attribute 'reset_input_buffer'
[EMERGENCY] error: 'NoneType' object has no attribute 'reset_input_buffer'
[EMERGENCY] error: 'NoneType' object has no attribute 'reset_input_buffer'




======================================================================
CENTRAL DE MONITORAMENTO
======================================================================

Cruzamento 1
----------------------------------------------------------------------
  Status: OFFLINE
  Heartbeat: nunca
  Nenhum dado de sensor disponível
  Infrações: 0
  Multas Registradas: 0

Cruzamento 2
----------------------------------------------------------------------
  Status: OFFLINE
  Heartbeat: nunca
  Nenhum dado de sensor disponível
  Infrações: 0
  Multas Registradas: 0

======================================================================
  Modo Noturno: NÃO
======================================================================
[EMERGENCY] error: 'NoneType' object has no attribute 'reset_input_buffer'
[EMERGENCY] error: 'NoneType' object has no attribute 'reset_input_buffer'
[EMERGENCY] error: 'NoneType' object has no attribute 'reset_input_buffer'
[EMERGENCY] error: 'NoneType' object has no attribute 'reset_input_buffer'
[EMERGENCY] error: 'NoneType' object has no attribute 'reset_input_buffer'
[EMERGENCY] error: 'NoneType' object has no attribute 'reset_input_buffer'
[EMERGENCY] error: 'NoneType' object has no attribute 'reset_input_buffer'




======================================================================
CENTRAL DE MONITORAMENTO
======================================================================

Cruzamento 1
----------------------------------------------------------------------
  Status: OFFLINE
  Heartbeat: nunca
  Nenhum dado de sensor disponível
  Infrações: 0
  Multas Registradas: 0

Cruzamento 2
----------------------------------------------------------------------
  Status: OFFLINE
  Heartbeat: nunca
  Nenhum dado de sensor disponível
  Infrações: 0
  Multas Registradas: 0

======================================================================
  Modo Noturno: NÃO
======================================================================
[EMERGENCY] error: 'NoneType' object has no attribute 'reset_input_buffer'
[EMERGENCY] error: 'NoneType' object has no attribute 'reset_input_buffer'
[EMERGENCY] error: 'NoneType' object has no attribute 'reset_input_buffer'
[EMERGENCY] error: 'NoneType' object has no attribute 'reset_input_buffer'
[EMERGENCY] error: 'NoneType' object has no attribute 'reset_input_buffer'
[EMERGENCY] error: 'NoneType' object has no attribute 'reset_input_buffer'




======================================================================
CENTRAL DE MONITORAMENTO
======================================================================

Cruzamento 1
----------------------------------------------------------------------
  Status: OFFLINE
  Heartbeat: nunca
  Nenhum dado de sensor disponível
  Infrações: 0
  Multas Registradas: 0

Cruzamento 2
----------------------------------------------------------------------
  Status: OFFLINE
  Heartbeat: nunca
  Nenhum dado de sensor disponível
  Infrações: 0
  Multas Registradas: 0

======================================================================
  Modo Noturno: NÃO
======================================================================
[EMERGENCY] error: 'NoneType' object has no attribute 'reset_input_buffer'
[EMERGENCY] error: 'NoneType' object has no attribute 'reset_input_buffer'
[CENTRAL] Nova conexão ('127.0.0.1', 49176)
[CENTRAL] Registrado cruzamento 1
[EMERGENCY] error: 'NoneType' object has no attribute 'reset_input_buffer'
[EMERGENCY] error: 'NoneType' object has no attribute 'reset_input_buffer'
[EMERGENCY] error: 'NoneType' object has no attribute 'reset_input_buffer'
[EMERGENCY] error: 'NoneType' object has no attribute 'reset_input_buffer'
[EMERGENCY] error: 'NoneType' object has no attribute 'reset_input_buffer'




======================================================================
CENTRAL DE MONITORAMENTO
======================================================================

Cruzamento 1
----------------------------------------------------------------------
  Status: ONLINE
  Heartbeat: 1s
  Nenhum dado de sensor disponível
  Infrações: 0
  Multas Registradas: 0

Cruzamento 2
----------------------------------------------------------------------
  Status: OFFLINE
  Heartbeat: nunca
  Nenhum dado de sensor disponível
  Infrações: 0
  Multas Registradas: 0

======================================================================
  Modo Noturno: NÃO
======================================================================
[EMERGENCY] error: 'NoneType' object has no attribute 'reset_input_buffer'
[EMERGENCY] error: 'NoneType' object has no attribute 'reset_input_buffer'
[EMERGENCY] error: 'NoneType' object has no attribute 'reset_input_buffer'
[EMERGENCY] error: 'NoneType' object has no attribute 'reset_input_buffer'
[EMERGENCY] error: 'NoneType' object has no attribute 'reset_input_buffer'
[EMERGENCY] error: 'NoneType' object has no attribute 'reset_input_buffer'
[EMERGENCY] error: 'NoneType' object has no attribute 'reset_input_buffer'




======================================================================
CENTRAL DE MONITORAMENTO
======================================================================

Cruzamento 1
----------------------------------------------------------------------
  Status: ONLINE
  Heartbeat: 1s
  Nenhum dado de sensor disponível
  Infrações: 0
  Multas Registradas: 0

Cruzamento 2
----------------------------------------------------------------------
  Status: OFFLINE
  Heartbeat: nunca
  Nenhum dado de sensor disponível
  Infrações: 0
  Multas Registradas: 0

======================================================================
  Modo Noturno: NÃO
======================================================================
[EMERGENCY] error: 'NoneType' object has no attribute 'reset_input_buffer'
[EMERGENCY] error: 'NoneType' object has no attribute 'reset_input_buffer'
[EMERGENCY] error: 'NoneType' object has no attribute 'reset_input_buffer'
[EMERGENCY] error: 'NoneType' object has no attribute 'reset_input_buffer'
[EMERGENCY] error: 'NoneType' object has no attribute 'reset_input_buffer'
[EMERGENCY] error: 'NoneType' object has no attribute 'reset_input_buffer'




======================================================================
CENTRAL DE MONITORAMENTO
======================================================================

Cruzamento 1
----------------------------------------------------------------------
  Status: ONLINE
  Heartbeat: 1s
  Nenhum dado de sensor disponível
  Infrações: 0
  Multas Registradas: 0

Cruzamento 2
----------------------------------------------------------------------
  Status: OFFLINE
  Heartbeat: nunca
  Nenhum dado de sensor disponível
  Infrações: 0
  Multas Registradas: 0

======================================================================
  Modo Noturno: NÃO
======================================================================
[EMERGENCY] error: 'NoneType' object has no attribute 'reset_input_buffer'
[EMERGENCY] error: 'NoneType' object has no attribute 'reset_input_buffer'
[EMERGENCY] error: 'NoneType' object has no attribute 'reset_input_buffer'
[EMERGENCY] error: 'NoneType' object has no attribute 'reset_input_buffer'
[EMERGENCY] error: 'NoneType' object has no attribute 'reset_input_buffer'
[EMERGENCY] error: 'NoneType' object has no attribute 'reset_input_buffer'
[EMERGENCY] error: 'NoneType' object has no attribute 'reset_input_buffer'




======================================================================
CENTRAL DE MONITORAMENTO
======================================================================

Cruzamento 1
----------------------------------------------------------------------
  Status: ONLINE
  Heartbeat: 1s
  Nenhum dado de sensor disponível
  Infrações: 0
  Multas Registradas: 0

Cruzamento 2
----------------------------------------------------------------------
  Status: OFFLINE
  Heartbeat: nunca
  Nenhum dado de sensor disponível
  Infrações: 0
  Multas Registradas: 0

======================================================================
  Modo Noturno: NÃO
======================================================================
[EMERGENCY] error: 'NoneType' object has no attribute 'reset_input_buffer'
[EMERGENCY] error: 'NoneType' object has no attribute 'reset_input_buffer'
[EMERGENCY] error: 'NoneType' object has no attribute 'reset_input_buffer'
[EMERGENCY] error: 'NoneType' object has no attribute 'reset_input_buffer'
[EMERGENCY] error: 'NoneType' object has no attribute 'reset_input_buffer'
[EMERGENCY] error: 'NoneType' object has no attribute 'reset_input_buffer'
[EMERGENCY] error: 'NoneType' object has no attribute 'reset_input_buffer'




======================================================================
CENTRAL DE MONITORAMENTO
======================================================================

Cruzamento 1
----------------------------------------------------------------------
  Status: ONLINE
  Heartbeat: 1s
  Nenhum dado de sensor disponível
  Infrações: 0
  Multas Registradas: 0

Cruzamento 2
----------------------------------------------------------------------
  Status: OFFLINE
  Heartbeat: nunca
  Nenhum dado de sensor disponível
  Infrações: 0
  Multas Registradas: 0

======================================================================
  Modo Noturno: NÃO
======================================================================
[EMERGENCY] error: 'NoneType' object has no attribute 'reset_input_buffer'
[EMERGENCY] error: 'NoneType' object has no attribute 'reset_input_buffer'
[EMERGENCY] error: 'NoneType' object has no attribute 'reset_input_buffer'
[EMERGENCY] error: 'NoneType' object has no attribute 'reset_input_buffer'
[EMERGENCY] error: 'NoneType' object has no attribute 'reset_input_buffer'
[EMERGENCY] error: 'NoneType' object has no attribute 'reset_input_buffer'




======================================================================
CENTRAL DE MONITORAMENTO
======================================================================

Cruzamento 1
----------------------------------------------------------------------
  Status: ONLINE
  Heartbeat: 1s
  Nenhum dado de sensor disponível
  Infrações: 0
  Multas Registradas: 0

Cruzamento 2
----------------------------------------------------------------------
  Status: OFFLINE
  Heartbeat: nunca
  Nenhum dado de sensor disponível
  Infrações: 0
  Multas Registradas: 0

======================================================================
  Modo Noturno: NÃO
======================================================================
[EMERGENCY] error: 'NoneType' object has no attribute 'reset_input_buffer'
[EMERGENCY] error: 'NoneType' object has no attribute 'reset_input_buffer'
[EMERGENCY] error: 'NoneType' object has no attribute 'reset_input_buffer'
[EMERGENCY] error: 'NoneType' object has no attribute 'reset_input_buffer'
[EMERGENCY] error: 'NoneType' object has no attribute 'reset_input_buffer'
[EMERGENCY] error: 'NoneType' object has no attribute 'reset_input_buffer'
[EMERGENCY] error: 'NoneType' object has no attribute 'reset_input_buffer'




======================================================================
CENTRAL DE MONITORAMENTO
======================================================================

Cruzamento 1
----------------------------------------------------------------------
  Status: ONLINE
  Heartbeat: 1s
  Nenhum dado de sensor disponível
  Infrações: 0
  Multas Registradas: 0

Cruzamento 2
----------------------------------------------------------------------
  Status: OFFLINE
  Heartbeat: nunca
  Nenhum dado de sensor disponível
  Infrações: 0
  Multas Registradas: 0

======================================================================
  Modo Noturno: NÃO
======================================================================
[EMERGENCY] error: 'NoneType' object has no attribute 'reset_input_buffer'
[EMERGENCY] error: 'NoneType' object has no attribute 'reset_input_buffer'
[EMERGENCY] error: 'NoneType' object has no attribute 'reset_input_buffer'
[EMERGENCY] error: 'NoneType' object has no attribute 'reset_input_buffer'
[EMERGENCY] error: 'NoneType' object has no attribute 'reset_input_buffer'
[EMERGENCY] error: 'NoneType' object has no attribute 'reset_input_buffer'
[EMERGENCY] error: 'NoneType' object has no attribute 'reset_input_buffer'




======================================================================
CENTRAL DE MONITORAMENTO
======================================================================

Cruzamento 1
----------------------------------------------------------------------
  Status: ONLINE
  Heartbeat: 1s
  Nenhum dado de sensor disponível
  Infrações: 0
  Multas Registradas: 0

Cruzamento 2
----------------------------------------------------------------------
  Status: OFFLINE
  Heartbeat: nunca
  Nenhum dado de sensor disponível
  Infrações: 0
  Multas Registradas: 0

======================================================================
  Modo Noturno: NÃO
======================================================================
[EMERGENCY] error: 'NoneType' object has no attribute 'reset_input_buffer'
[EMERGENCY] error: 'NoneType' object has no attribute 'reset_input_buffer'
[EMERGENCY] error: 'NoneType' object has no attribute 'reset_input_buffer'
[EMERGENCY] error: 'NoneType' object has no attribute 'reset_input_buffer'
[EMERGENCY] error: 'NoneType' object has no attribute 'reset_input_buffer'
[EMERGENCY] error: 'NoneType' object has no attribute 'reset_input_buffer'




======================================================================
CENTRAL DE MONITORAMENTO
======================================================================

Cruzamento 1
----------------------------------------------------------------------
  Status: ONLINE
  Heartbeat: 1s
  Nenhum dado de sensor disponível
  Infrações: 0
  Multas Registradas: 0

Cruzamento 2
----------------------------------------------------------------------
  Status: OFFLINE
  Heartbeat: nunca
  Nenhum dado de sensor disponível
  Infrações: 0
  Multas Registradas: 0

======================================================================
  Modo Noturno: NÃO
======================================================================
[EMERGENCY] error: 'NoneType' object has no attribute 'reset_input_buffer'
[EMERGENCY] error: 'NoneType' object has no attribute 'reset_input_buffer'
[EMERGENCY] error: 'NoneType' object has no attribute 'reset_input_buffer'
[EMERGENCY] error: 'NoneType' object has no attribute 'reset_input_buffer'
[EMERGENCY] error: 'NoneType' object has no attribute 'reset_input_buffer'
[EMERGENCY] error: 'NoneType' object has no attribute 'reset_input_buffer'
[EMERGENCY] error: 'NoneType' object has no attribute 'reset_input_buffer'




======================================================================
CENTRAL DE MONITORAMENTO
======================================================================

Cruzamento 1
----------------------------------------------------------------------
  Status: ONLINE
  Heartbeat: 1s
  Nenhum dado de sensor disponível
  Infrações: 0
  Multas Registradas: 0

Cruzamento 2
----------------------------------------------------------------------
  Status: OFFLINE
  Heartbeat: nunca
  Nenhum dado de sensor disponível
  Infrações: 0
  Multas Registradas: 0

======================================================================
  Modo Noturno: NÃO
======================================================================
[EMERGENCY] error: 'NoneType' object has no attribute 'reset_input_buffer'
[EMERGENCY] error: 'NoneType' object has no attribute 'reset_input_buffer'
[EMERGENCY] error: 'NoneType' object has no attribute 'reset_input_buffer'
[EMERGENCY] error: 'NoneType' object has no attribute 'reset_input_buffer'
[EMERGENCY] error: 'NoneType' object has no attribute 'reset_input_buffer'
[EMERGENCY] error: 'NoneType' object has no attribute 'reset_input_buffer'
[EMERGENCY] error: 'NoneType' object has no attribute 'reset_input_buffer'




======================================================================
CENTRAL DE MONITORAMENTO
======================================================================

Cruzamento 1
----------------------------------------------------------------------
  Status: ONLINE
  Heartbeat: 1s
  Nenhum dado de sensor disponível
  Infrações: 0
  Multas Registradas: 0

Cruzamento 2
----------------------------------------------------------------------
  Status: OFFLINE
  Heartbeat: nunca
  Nenhum dado de sensor disponível
  Infrações: 0
  Multas Registradas: 0

======================================================================
  Modo Noturno: NÃO
======================================================================
[EMERGENCY] error: 'NoneType' object has no attribute 'reset_input_buffer'
[EMERGENCY] error: 'NoneType' object has no attribute 'reset_input_buffer'
[EMERGENCY] error: 'NoneType' object has no attribute 'reset_input_buffer'
[EMERGENCY] error: 'NoneType' object has no attribute 'reset_input_buffer'
[EMERGENCY] error: 'NoneType' object has no attribute 'reset_input_buffer'
[EMERGENCY] error: 'NoneType' object has no attribute 'reset_input_buffer'




======================================================================
CENTRAL DE MONITORAMENTO
======================================================================

Cruzamento 1
----------------------------------------------------------------------
  Status: ONLINE
  Heartbeat: 1s
  Nenhum dado de sensor disponível
  Infrações: 0
  Multas Registradas: 0

Cruzamento 2
----------------------------------------------------------------------
  Status: OFFLINE
  Heartbeat: nunca
  Nenhum dado de sensor disponível
  Infrações: 0
  Multas Registradas: 0

======================================================================
  Modo Noturno: NÃO
======================================================================
[EMERGENCY] error: 'NoneType' object has no attribute 'reset_input_buffer'
[EMERGENCY] error: 'NoneType' object has no attribute 'reset_input_buffer'
[EMERGENCY] error: 'NoneType' object has no attribute 'reset_input_buffer'
[EMERGENCY] error: 'NoneType' object has no attribute 'reset_input_buffer'
[EMERGENCY] error: 'NoneType' object has no attribute 'reset_input_buffer'
[EMERGENCY] error: 'NoneType' object has no attribute 'reset_input_buffer'
[EMERGENCY] error: 'NoneType' object has no attribute 'reset_input_buffer'




======================================================================
CENTRAL DE MONITORAMENTO
======================================================================

Cruzamento 1
----------------------------------------------------------------------
  Status: ONLINE
  Heartbeat: 1s
  Nenhum dado de sensor disponível
  Infrações: 0
  Multas Registradas: 0

Cruzamento 2
----------------------------------------------------------------------
  Status: OFFLINE
  Heartbeat: nunca
  Nenhum dado de sensor disponível
  Infrações: 0
  Multas Registradas: 0

======================================================================
  Modo Noturno: NÃO
======================================================================
[EMERGENCY] error: 'NoneType' object has no attribute 'reset_input_buffer'
[EMERGENCY] error: 'NoneType' object has no attribute 'reset_input_buffer'
[EMERGENCY] error: 'NoneType' object has no attribute 'reset_input_buffer'
[EMERGENCY] error: 'NoneType' object has no attribute 'reset_input_buffer'
[EMERGENCY] error: 'NoneType' object has no attribute 'reset_input_buffer'
[EMERGENCY] error: 'NoneType' object has no attribute 'reset_input_buffer'
[EMERGENCY] error: 'NoneType' object has no attribute 'reset_input_buffer'




======================================================================
CENTRAL DE MONITORAMENTO
======================================================================

Cruzamento 1
----------------------------------------------------------------------
  Status: ONLINE
  Heartbeat: 1s
  Nenhum dado de sensor disponível
  Infrações: 0
  Multas Registradas: 0

Cruzamento 2
----------------------------------------------------------------------
  Status: OFFLINE
  Heartbeat: nunca
  Nenhum dado de sensor disponível
  Infrações: 0
  Multas Registradas: 0

======================================================================
  Modo Noturno: NÃO
======================================================================
[EMERGENCY] error: 'NoneType' object has no attribute 'reset_input_buffer'
[EMERGENCY] error: 'NoneType' object has no attribute 'reset_input_buffer'
[EMERGENCY] error: 'NoneType' object has no attribute 'reset_input_buffer'
[EMERGENCY] error: 'NoneType' object has no attribute 'reset_input_buffer'
[EMERGENCY] error: 'NoneType' object has no attribute 'reset_input_buffer'
[EMERGENCY] error: 'NoneType' object has no attribute 'reset_input_buffer'




======================================================================
CENTRAL DE MONITORAMENTO
======================================================================

Cruzamento 1
----------------------------------------------------------------------
  Status: ONLINE
  Heartbeat: 1s
  Nenhum dado de sensor disponível
  Infrações: 0
  Multas Registradas: 0

Cruzamento 2
----------------------------------------------------------------------
  Status: OFFLINE
  Heartbeat: nunca
  Nenhum dado de sensor disponível
  Infrações: 0
  Multas Registradas: 0

======================================================================
  Modo Noturno: NÃO
======================================================================
[EMERGENCY] error: 'NoneType' object has no attribute 'reset_input_buffer'
[EMERGENCY] error: 'NoneType' object has no attribute 'reset_input_buffer'
[EMERGENCY] error: 'NoneType' object has no attribute 'reset_input_buffer'
[EMERGENCY] error: 'NoneType' object has no attribute 'reset_input_buffer'
[EMERGENCY] error: 'NoneType' object has no attribute 'reset_input_buffer'
[EMERGENCY] error: 'NoneType' object has no attribute 'reset_input_buffer'
[EMERGENCY] error: 'NoneType' object has no attribute 'reset_input_buffer'




======================================================================
CENTRAL DE MONITORAMENTO
======================================================================

Cruzamento 1
----------------------------------------------------------------------
  Status: ONLINE
  Heartbeat: 1s
  Nenhum dado de sensor disponível
  Infrações: 0
  Multas Registradas: 0

Cruzamento 2
----------------------------------------------------------------------
  Status: OFFLINE
  Heartbeat: nunca
  Nenhum dado de sensor disponível
  Infrações: 0
  Multas Registradas: 0

======================================================================
  Modo Noturno: NÃO
======================================================================
[EMERGENCY] error: 'NoneType' object has no attribute 'reset_input_buffer'
[EMERGENCY] error: 'NoneType' object has no attribute 'reset_input_buffer'
[EMERGENCY] error: 'NoneType' object has no attribute 'reset_input_buffer'
[EMERGENCY] error: 'NoneType' object has no attribute 'reset_input_buffer'
[EMERGENCY] error: 'NoneType' object has no attribute 'reset_input_buffer'
[EMERGENCY] error: 'NoneType' object has no attribute 'reset_input_buffer'
[EMERGENCY] error: 'NoneType' object has no attribute 'reset_input_buffer'




======================================================================
CENTRAL DE MONITORAMENTO
======================================================================

Cruzamento 1
----------------------------------------------------------------------
  Status: ONLINE
  Heartbeat: 1s
  Nenhum dado de sensor disponível
  Infrações: 0
  Multas Registradas: 0

Cruzamento 2
----------------------------------------------------------------------
  Status: OFFLINE
  Heartbeat: nunca
  Nenhum dado de sensor disponível
  Infrações: 0
  Multas Registradas: 0

======================================================================
  Modo Noturno: NÃO
======================================================================
[EMERGENCY] error: 'NoneType' object has no attribute 'reset_input_buffer'
[EMERGENCY] error: 'NoneType' object has no attribute 'reset_input_buffer'
[EMERGENCY] error: 'NoneType' object has no attribute 'reset_input_buffer'
[EMERGENCY] error: 'NoneType' object has no attribute 'reset_input_buffer'
[EMERGENCY] error: 'NoneType' object has no attribute 'reset_input_buffer'
[EMERGENCY] error: 'NoneType' object has no attribute 'reset_input_buffer'




======================================================================
CENTRAL DE MONITORAMENTO
======================================================================

Cruzamento 1
----------------------------------------------------------------------
  Status: ONLINE
  Heartbeat: 1s
  Nenhum dado de sensor disponível
  Infrações: 0
  Multas Registradas: 0

Cruzamento 2
----------------------------------------------------------------------
  Status: OFFLINE
  Heartbeat: nunca
  Nenhum dado de sensor disponível
  Infrações: 0
  Multas Registradas: 0

======================================================================
  Modo Noturno: NÃO
======================================================================
[EMERGENCY] error: 'NoneType' object has no attribute 'reset_input_buffer'
[EMERGENCY] error: 'NoneType' object has no attribute 'reset_input_buffer'
[EMERGENCY] error: 'NoneType' object has no attribute 'reset_input_buffer'
[EMERGENCY] error: 'NoneType' object has no attribute 'reset_input_buffer'
[EMERGENCY] error: 'NoneType' object has no attribute 'reset_input_buffer'
[EMERGENCY] error: 'NoneType' object has no attribute 'reset_input_buffer'
[EMERGENCY] error: 'NoneType' object has no attribute 'reset_input_buffer'




======================================================================
CENTRAL DE MONITORAMENTO
======================================================================

Cruzamento 1
----------------------------------------------------------------------
  Status: ONLINE
  Heartbeat: 1s
  Nenhum dado de sensor disponível
  Infrações: 0
  Multas Registradas: 0

Cruzamento 2
----------------------------------------------------------------------
  Status: OFFLINE
  Heartbeat: nunca
  Nenhum dado de sensor disponível
  Infrações: 0
  Multas Registradas: 0

======================================================================
  Modo Noturno: NÃO
======================================================================
[EMERGENCY] error: 'NoneType' object has no attribute 'reset_input_buffer'
[EMERGENCY] error: 'NoneType' object has no attribute 'reset_input_buffer'
[EMERGENCY] error: 'NoneType' object has no attribute 'reset_input_buffer'
[EMERGENCY] error: 'NoneType' object has no attribute 'reset_input_buffer'
[EMERGENCY] error: 'NoneType' object has no attribute 'reset_input_buffer'
[EMERGENCY] error: 'NoneType' object has no attribute 'reset_input_buffer'
[EMERGENCY] error: 'NoneType' object has no attribute 'reset_input_buffer'




======================================================================
CENTRAL DE MONITORAMENTO
======================================================================

Cruzamento 1
----------------------------------------------------------------------
  Status: ONLINE
  Heartbeat: 1s
  Nenhum dado de sensor disponível
  Infrações: 0
  Multas Registradas: 0

Cruzamento 2
----------------------------------------------------------------------
  Status: OFFLINE
  Heartbeat: nunca
  Nenhum dado de sensor disponível
  Infrações: 0
  Multas Registradas: 0

======================================================================
  Modo Noturno: NÃO
======================================================================
[EMERGENCY] error: 'NoneType' object has no attribute 'reset_input_buffer'
[EMERGENCY] error: 'NoneType' object has no attribute 'reset_input_buffer'
[EMERGENCY] error: 'NoneType' object has no attribute 'reset_input_buffer'
[EMERGENCY] error: 'NoneType' object has no attribute 'reset_input_buffer'
[EMERGENCY] error: 'NoneType' object has no attribute 'reset_input_buffer'
[EMERGENCY] error: 'NoneType' object has no attribute 'reset_input_buffer'




======================================================================
CENTRAL DE MONITORAMENTO
======================================================================

Cruzamento 1
----------------------------------------------------------------------
  Status: ONLINE
  Heartbeat: 1s
  Nenhum dado de sensor disponível
  Infrações: 0
  Multas Registradas: 0

Cruzamento 2
----------------------------------------------------------------------
  Status: OFFLINE
  Heartbeat: nunca
  Nenhum dado de sensor disponível
  Infrações: 0
  Multas Registradas: 0

======================================================================
  Modo Noturno: NÃO
======================================================================
[EMERGENCY] error: 'NoneType' object has no attribute 'reset_input_buffer'
[EMERGENCY] error: 'NoneType' object has no attribute 'reset_input_buffer'
[EMERGENCY] error: 'NoneType' object has no attribute 'reset_input_buffer'
[EMERGENCY] error: 'NoneType' object has no attribute 'reset_input_buffer'
[EMERGENCY] error: 'NoneType' object has no attribute 'reset_input_buffer'
[EMERGENCY] error: 'NoneType' object has no attribute 'reset_input_buffer'
[EMERGENCY] error: 'NoneType' object has no attribute 'reset_input_buffer'




======================================================================
CENTRAL DE MONITORAMENTO
======================================================================

Cruzamento 1
----------------------------------------------------------------------
  Status: ONLINE
  Heartbeat: 1s
  Nenhum dado de sensor disponível
  Infrações: 0
  Multas Registradas: 0

Cruzamento 2
----------------------------------------------------------------------
  Status: OFFLINE
  Heartbeat: nunca
  Nenhum dado de sensor disponível
  Infrações: 0
  Multas Registradas: 0

======================================================================
  Modo Noturno: NÃO
======================================================================
[EMERGENCY] error: 'NoneType' object has no attribute 'reset_input_buffer'
[EMERGENCY] error: 'NoneType' object has no attribute 'reset_input_buffer'
[EMERGENCY] error: 'NoneType' object has no attribute 'reset_input_buffer'
